root@ServerAgents:~/opsmac# echo "mypass" | docker secret create db_password -
Error response from daemon: rpc error: code = AlreadyExists desc = secret db_password already exists
root@ServerAgents:~/opsmac# echo "jwtsecret" | docker secret create jwt_secret -
Error response from daemon: rpc error: code = AlreadyExists desc = secret jwt_secret already exists
root@ServerAgents:~/opsmac# docker secret ls
ID                          NAME          DRIVER    CREATED       UPDATED
stz56z4lm39lr46evxxl0lll7   db_password             10 days ago   10 days ago
cgbjv6ve48w1k1ddixn5d5ti9   jwt_secret              10 days ago   10 days ago
root@ServerAgents:~/opsmac# docker secret rm db_password
Error response from daemon: rpc error: code = InvalidArgument desc = secret 'db_password' is in use by the following services: feedeliza_backend, feedeliza_migrations
root@ServerAgents:~/opsmac# docker secret rm jwt_secret
Error response from daemon: rpc error: code = InvalidArgument desc = secret 'jwt_secret' is in use by the following service: feedeliza_backend
root@ServerAgents:~/opsmac# docker secret rm db_password
Error response from daemon: rpc error: code = InvalidArgument desc = secret 'db_password' is in use by the following services: feedeliza_backend, feedeliza_migrations
root@ServerAgents:~/opsmac# docker secret rm jwt_secret
Error response from daemon: rpc error: code = InvalidArgument desc = secret 'jwt_secret' is in use by the following service: feedeliza_backend
root@ServerAgents:~/opsmac# docker secret rm db_password
Error response from daemon: rpc error: code = InvalidArgument desc = secret 'db_password' is in use by the following services: feedeliza_backend, feedeliza_migrations
root@ServerAgents:~/opsmac# echo "123456789" | docker secret create db_password -
Error response from daemon: rpc error: code = AlreadyExists desc = secret db_password already exists
root@ServerAgents:~/opsmac#